// Jest Snapshot v1, https://goo.gl/fbAQLP

exports[`GifGridItem testing should show component and match snapshot 1`] = `
<div
  className="card animate__animated animate__fadeIn"
>
  <img
    alt="hola mundo"
    src="https://localhost/hola.gif"
  />
  <p>
     
    hola mundo
     
  </p>
</div>
`;
